// Jest Snapshot v1, https://goo.gl/fbAQLP

exports[`Spinner matches snapshot 1`] = `
<ActivityIndicator
  color="#0BB589"
  size="small"
/>
`;
